Microchip MPLAB XC8 Compiler V1.30 ()

Linker command line:

--edf=C:\Archivos de programa\Microchip\xc8\v1.30\dat\en_msgs.txt -cs \
  -h+dist/PIC18F4550_XC8/production\MPLAB.X.production.sym \
  --cmf=dist/PIC18F4550_XC8/production\MPLAB.X.production.cmf -z -Q18F4550 \
  -oC:\Windows\Temp\s290.6 \
  -Mdist/PIC18F4550_XC8/production/MPLAB.X.production.map -E1 -ver=XC8 \
  -ASTACK=04ACh-07ffh -pstack=STACK -p_BootMain_text=30h \
  -p_FlashSignatureWord_const=2006h \
  -ACODE=00h-07h,0Ch-017h,020h-01FFFh,02006h-02007h,02016h-02017h \
  -ACONST=00h-07h,0Ch-017h,020h-01FFFh,02006h-02007h,02016h-02017h \
  -ASMALLCONST=0800h-08FFhx24,02006h-02007h,02016h-02017h \
  -AMEDIUMCONST=0800h-01FFFh,02006h-02007h,02016h-02017h -ACOMRAM=01h-05Fh \
  -AABS1=00h-07FFh -ABIGRAM=01h-07FFh -ARAM=060h-0FFh,0100h-01FFhx7 \
  -ABANK0=060h-0FFh -ABANK1=0100h-01FFh -ABANK2=0200h-02FFh \
  -ABANK3=0300h-03FFh -ABANK4=0400h-04FFh -ABANK5=0500h-05FFh \
  -ABANK6=0600h-06FFh -ABANK7=0700h-07FFh -ASFR=0F60h-0FFFh \
  -preset_vec=00h,intcode,intcodelo,powerup,init,end_init -pramtop=0800h \
  -psmallconst=SMALLCONST -pmediumconst=MEDIUMCONST -pconst=CONST \
  -AFARRAM=00h-00h -ACONFIG=0300000h-030000Dh -pconfig=CONFIG \
  -AIDLOC=0200000h-0200007h -pidloc=IDLOC -AEEDATA=0F00000h-0F000FFh \
  -peeprom_data=EEDATA \
  -prdata=COMRAM,nvrram=COMRAM,nvbit=COMRAM,rbss=COMRAM,rbit=COMRAM \
  -pfarbss=FARRAM,fardata=FARRAM,nvFARRAM=FARRAM \
  -pintsave_regs=BIGRAM,bigbss=BIGRAM,bigdata=BIGRAM -pbss=RAM \
  -pidata=CODE,irdata=CODE,ibigdata=CODE,ifardata=CODE \
  C:\Windows\Temp\s290.obj \
  dist/PIC18F4550_XC8/production\MPLAB.X.production.obj \
  build/PIC18F4550_XC8/production/_ext/1360937237/VectorRemap.obj 

Object code version is 3.11

Machine type is 18F4550

Call graph: (short form)




                Name                               Link     Load   Length Selector   Space Scale
C:\Windows\Temp\s290.obj
                end_init                              0        0        4        0       0
                idloc                            200000   200000        8   200000       0
                config                           300000   300000        E   300000       0
dist/PIC18F4550_XC8/production\MPLAB.X.production.obj
                smallconst                          800      800       BE      400       0
                text42                             1BE0     1BE0       3A      45F       0
                text41                                4        4        4        0       0
                text40                             1CFC     1CFC       16      45F       0
                text39                             1CE0     1CE0       1C      45F       0
                text38                             1AE0     1AE0       5C      45F       0
                text37                             1B3C     1B3C       54      45F       0
                text36                             1CA2     1CA2       22      45F       0
                text35                             1D26     1D26       14      45F       0
                text34                             18D4     18D4       78      45F       0
                text33                             1C76     1C76       2C      45F       0
                text32                             1D76     1D76        E      45F       0
                text31                             1D12     1D12       14      45F       0
                text30                             1D68     1D68        E      45F       0
                text29                             1732     1732       9C      45F       0
                text28                             17CE     17CE       8A      45F       0
                text27                                C        C        C        6       0
                text26                             1D8E     1D8E        2      45F       0
                text25                             1C48     1C48       2E      45F       0
                text24                              E84      E84      116      45F       0
                text23                             15C8     15C8       C2      45F       0
                text22                             1B90     1B90       50      45F       0
                text21                             1D8C     1D8C        2      45F       0
                text20                             1D8A     1D8A        2      45F       0
                text19                             10A2     10A2       F8      45F       0
                text18                             1D84     1D84        6      45F       0
                text17                             1504     1504       C4      45F       0
                text16                             168A     168A       A8      45F       0
                text15                             1440     1440       C4      45F       0
                text14                             19B6     19B6       68      45F       0
                text13                             1372     1372       CE      45F       0
                text12                             1288     1288       EA      45F       0
                text11                             1A1E     1A1E       64      45F       0
                text10                             1D5A     1D5A        E      45F       0
                text9                              1CC4     1CC4       1C      45F       0
                text8                              1D4C     1D4C        E      45F       0
                text7                              1D3A     1D3A       12      45F       0
                text6                              119A     119A       EE      45F       0
                text5                              1858     1858       7C      45F       0
                text4                              194C     194C       6A      45F       0
                text3                               F9A      F9A      108      45F       0
                text2                               8BE      8BE      5C6      45F       0
                _BootMain_text                       30       30       20       18       0
                text0                              1A82     1A82       5E      45F       0
                cstackCOMRAM                         4A       4A        F        1       1
                bssBANK1                            100      100       40      100       1
                bssBANK0                             60       60       82       60       1
                bssCOMRAM                             1        1       49        1       1
                cinit                              1C1A     1C1A       2E      45F       0
                _FlashSignatureWord_const          2006     2006        2     1003       0
build/PIC18F4550_XC8/production/_ext/1360937237/VectorRemap.obj
                LoVector                              0        0       20        0       0
                HiVector                              0        0        C        0       0

TOTAL           Name                               Link     Load   Length     Space
        CLASS   STACK          

        CLASS   CODE           
                end_init                              0        0        4         0
                text42                             1BE0     1BE0       3A         0
                text41                                4        4        4         0
                text40                             1CFC     1CFC       16         0
                text39                             1CE0     1CE0       1C         0
                text38                             1AE0     1AE0       5C         0
                text37                             1B3C     1B3C       54         0
                text36                             1CA2     1CA2       22         0
                text35                             1D26     1D26       14         0
                text34                             18D4     18D4       78         0
                text33                             1C76     1C76       2C         0
                text32                             1D76     1D76        E         0
                text31                             1D12     1D12       14         0
                text30                             1D68     1D68        E         0
                text29                             1732     1732       9C         0
                text28                             17CE     17CE       8A         0
                text27                                C        C        C         0
                text26                             1D8E     1D8E        2         0
                text25                             1C48     1C48       2E         0
                text24                              E84      E84      116         0
                text23                             15C8     15C8       C2         0
                text22                             1B90     1B90       50         0
                text21                             1D8C     1D8C        2         0
                text20                             1D8A     1D8A        2         0
                text19                             10A2     10A2       F8         0
                text18                             1D84     1D84        6         0
                text17                             1504     1504       C4         0
                text16                             168A     168A       A8         0
                text15                             1440     1440       C4         0
                text14                             19B6     19B6       68         0
                text13                             1372     1372       CE         0
                text12                             1288     1288       EA         0
                text11                             1A1E     1A1E       64         0
                text10                             1D5A     1D5A        E         0
                text9                              1CC4     1CC4       1C         0
                text8                              1D4C     1D4C        E         0
                text7                              1D3A     1D3A       12         0
                text6                              119A     119A       EE         0
                text5                              1858     1858       7C         0
                text4                              194C     194C       6A         0
                text3                               F9A      F9A      108         0
                text2                               8BE      8BE      5C6         0
                _BootMain_text                       30       30       20         0
                text0                              1A82     1A82       5E         0
                cinit                              1C1A     1C1A       2E         0
                _FlashSignatureWord_const          2006     2006        2         0
                LoVector                              0        0       20         0
                HiVector                              0        0        C         0

        CLASS   CONST          

        CLASS   SMALLCONST     
                smallconst                          800      800       BE         0

        CLASS   MEDIUMCONST    

        CLASS   COMRAM         
                cstackCOMRAM                         4A       4A        F         1
                bssCOMRAM                             1        1       49         1

        CLASS   ABS1           
                abs_s1                              400      400       AC         1

        CLASS   BIGRAM         

        CLASS   RAM            

        CLASS   BANK0          
                bssBANK0                             60       60       82         1

        CLASS   BANK1          
                bssBANK1                            100      100       40         1

        CLASS   BANK2          

        CLASS   BANK3          

        CLASS   BANK4          

        CLASS   BANK5          

        CLASS   BANK6          

        CLASS   BANK7          

        CLASS   SFR            

        CLASS   FARRAM         

        CLASS   CONFIG         
                config                           300000   300000        E         0

        CLASS   IDLOC          
                idloc                            200000   200000        8         0

        CLASS   EEDATA         



SEGMENTS        Name                           Load    Length   Top    Selector   Space  Class

                reset_vec                      000000  000008  000008         0       0  CODE    
                bssCOMRAM                      000001  000058  000059         1       1  COMRAM  
                text27                         00000C  00000C  000018         6       0  CODE    
                _BootMain_text                 000030  000020  000050        18       0  CODE    
                bssBANK0                       000060  000082  0000E2        60       1  BANK0   
                bssBANK1                       000100  000040  000140       100       1  BANK1   
                smallconst                     000800  0000BE  0008BE       400       0  SMALLCON
                text2                          0008BE  0014D2  001D90       45F       0  CODE    
                _FlashSignatureWord_const      002006  000002  002008      1003       0  CODE    
                idloc                          200000  000008  200008    200000       0  IDLOC   
                config                         300000  00000E  30000E    300000       0  CONFIG  


UNUSED ADDRESS RANGES

        Name                Unused          Largest block    Delta
        BANK0            0000E2-0000FF               1E
        BANK1            000140-0001FF               C0
        BANK2            000200-0002FF              100
        BANK3            000300-0003FF              100
        BANK4            0004AC-0004FF               54
        BANK5            000500-0005FF              100
        BANK6            000600-0006FF              100
        BANK7            000700-0007FF              100
        BIGRAM           000059-00005F                7
                         0000E2-0000FF               1E
                         000140-0003FF              2C0
                         0004AC-0007FF              354
        CODE             000020-00002F               10
                         000050-0007FF              7B0
                         001D90-001FFF              270
                         002016-002017                2
        COMRAM           000059-00005F                7
        CONST            000020-00002F               10
                         000050-0007FF              7B0
                         001D90-001FFF              270
                         002016-002017                2
        EEDATA           F00000-F000FF              100
        MEDIUMCONST      001D90-001FFF              270
                         002016-002017                2
        RAM              0000E2-0000FF               1E
                         000140-0003FF              100
                         0004AC-0007FF              100
        SFR              000F60-000FFF               A0
        SMALLCONST       001D90-001FFF              100
                         002016-002017                2
        STACK            0004AC-0007FF              354

                                  Symbol Table

BlinkUSBStatus@led_count             bssCOMRAM                 000018
DelayRoutine@DelayAmount             cstackCOMRAM              00004A
HIDRxReport@buffer                   cstackCOMRAM              00004A
HIDRxReport@len                      cstackCOMRAM              00004C
HIDTxReport@buffer                   cstackCOMRAM              00004A
HIDTxReport@i                        cstackCOMRAM              00004E
HIDTxReport@len                      cstackCOMRAM              00004C
LoadBDTandSetUOWN@BDTIndexToLoad     cstackCOMRAM              00004B
LoadBDTandSetUOWN@pBDTEntry          bssCOMRAM                 00001A
ProcessIO@i                          bssCOMRAM                 000024
ProcessIO@pROM                       bssCOMRAM                 000009
SignFlash@i                          bssCOMRAM                 000025
SignFlash@pROM                       bssCOMRAM                 00000C
USBCBInitEP@ConfigurationIndex       cstackCOMRAM              00004B
USBCtrlTrfTxService@bytes_to_send    bssCOMRAM                 000026
USBDeviceTasks@i                     bssCOMRAM                 000027
USBDeviceTasks@pBDTEntry             bssCOMRAM                 00001C
USBStdSetCfgHandler@i                bssCOMRAM                 000028
USBSuspend@UIESave                   bssCOMRAM                 000029
UnlockAndActivate@UnlockKey          cstackCOMRAM              00004A
WriteConfigBits@i                    bssCOMRAM                 00002A
WriteEEPROM@i                        bssCOMRAM                 00002B
WriteFlashBlock@BytesTakenFromBuffer bssCOMRAM                 00002C
WriteFlashBlock@CorrectionFactor     bssCOMRAM                 00002D
WriteFlashBlock@i                    bssCOMRAM                 00002E
WriteFlashBlock@pROM                 bssCOMRAM                 00000F
_ADCON1                              (abs)                     000FC1
_BlinkUSBStatus                      text42                    001BE0
_BootMain                            _BootMain_text            000030
_BootMain_absaddr                    (abs)                     000030
_BootState                           bssCOMRAM                 00002F
_BufferedDataIndex                   bssCOMRAM                 000030
_CFG01                               smallconst                00083B
_ClearWatchdog                       text41                    000004
_ConfigsLockValue                    bssCOMRAM                 000031
_Counter                             bssCOMRAM                 00001E
_CtrlTrfData                         (abs)                     000424
_DelayRoutine                        text40                    001CFC
_DeviceIsSoftDetached                bssCOMRAM                 000032
_EEADR                               (abs)                     000FA9
_EECON1                              (abs)                     000FA6
_EECON1bits                          (abs)                     000FA6
_EECON2                              (abs)                     000FA7
_EEDATA                              (abs)                     000FA8
_EP0OutEvenBuf                       (abs)                     000414
_EP0OutOddBuf                        (abs)                     00041C
_EP0OutOddNeedsArmingNext            bssCOMRAM                 000033
_ErasePageTracker                    bssCOMRAM                 000020
_FlashSignatureWord                  _FlashSignatureWord_const 002006
_FlashSignatureWord_absconstaddr     (abs)                     002006
_HIDGetReportHandler                 text21                    001D8C
_HIDInitEP                           text37                    001B3C
_HIDRxReport                         text29                    001732
_HIDSetReportHandler                 text20                    001D8A
_HIDTxReport                         text28                    0017CE
_INTCON                              (abs)                     000FF2
_INTCONbits                          (abs)                     000FF2
_InitializeSystem                    text30                    001D68
_LATDbits                            (abs)                     000F8C
_LoadBDTandSetUOWN                   text38                    001AE0
_LowVoltageCheck                     text26                    001D8E
_OSCCON                              (abs)                     000FD3
_PIE2bits                            (abs)                     000FA0
_PIR2bits                            (abs)                     000FA1
_PORTBbits                           (abs)                     000F81
_PacketFromPC                        bssBANK0                  000060
_PacketToPC                          bssBANK0                  0000A1
_ProcessIO                           text2                     0008BE
_ProgrammedPointer                   bssCOMRAM                 000001
_ProgrammingBuffer                   bssBANK1                  000100
_RCONbits                            (abs)                     000FD0
_ResetDeviceCleanly                  text27                    00000C
_STKPTR                              (abs)                     000FFC
_SetupPkt                            bssCOMRAM                 00003C
_SignFlash                           text24                    000E84
_TABLAT                              (abs)                     000FF5
_TBLPTRH                             (abs)                     000FF7
_TBLPTRL                             (abs)                     000FF6
_TBLPTRU                             (abs)                     000FF8
_TRISBbits                           (abs)                     000F93
_TRISDbits                           (abs)                     000F95
_TempBDT                             bssCOMRAM                 000005
_UADDR                               (abs)                     000F6E
_UCFG                                (abs)                     000F6F
_UCON                                (abs)                     000F6D
_UCONbits                            (abs)                     000F6D
_UEIE                                (abs)                     000F6B
_UEP0                                (abs)                     000F70
_UEP1                                (abs)                     000F71
_UEP2                                (abs)                     000F72
_UEP3                                (abs)                     000F73
_UEP4                                (abs)                     000F74
_UEP5                                (abs)                     000F75
_UEP6                                (abs)                     000F76
_UEP7                                (abs)                     000F77
_UIE                                 (abs)                     000F69
_UIEbits                             (abs)                     000F69
_UIR                                 (abs)                     000F68
_UIRbits                             (abs)                     000F68
_USBCBCheckOtherReq                  text18                    001D84
_USBCBInitEP                         text35                    001D26
_USBCBSuspend                        text10                    001D5A
_USBCBWakeFromSuspend                text8                     001D4C
_USBCheckBusStatus                   text32                    001D76
_USBCheckHIDRequest                  text19                    0010A2
_USBCheckStdRequest                  text13                    001372
_USBCtrlEPServiceComplete            text12                    001288
_USBCtrlTrfInHandler                 text22                    001B90
_USBCtrlTrfSetupHandler              text11                    001A1E
_USBCtrlTrfTxService                 text23                    0015C8
_USBDeviceInit                       text31                    001D12
_USBDeviceTasks                      text6                     00119A
_USBDisableWithLongDelay             text39                    001CE0
_USBProtocolResetHandler             text34                    0018D4
_USBSoftAttach                       text33                    001C76
_USBStdFeatureReqHandler             text17                    001504
_USBStdGetDscHandler                 text16                    00168A
_USBStdGetStatusHandler              text15                    001440
_USBStdSetCfgHandler                 text14                    0019B6
_USBSuspend                          text9                     001CC4
_USBWakeFromSuspend                  text7                     001D3A
_USB_SD_Ptr                          smallconst                000801
_USTAT                               (abs)                     000F6C
_USTATSave                           bssCOMRAM                 000034
_USTATbits                           (abs)                     000F6C
_UnlockAndActivate                   text25                    001C48
_UserInit                            text36                    001CA2
_WriteConfigBits                     text5                     001858
_WriteEEPROM                         text4                     00194C
_WriteFlashBlock                     text3                     000F9A
__CFG_BOR$ON                         (abs)                     000000
__CFG_BORV$3                         (abs)                     000000
__CFG_CP0$OFF                        (abs)                     000000
__CFG_CP1$OFF                        (abs)                     000000
__CFG_CPB$OFF                        (abs)                     000000
__CFG_CPUDIV$OSC1_PLL2               (abs)                     000000
__CFG_EBTR0$OFF                      (abs)                     000000
__CFG_EBTR1$OFF                      (abs)                     000000
__CFG_EBTRB$OFF                      (abs)                     000000
__CFG_FCMEN$OFF                      (abs)                     000000
__CFG_FOSC$HSPLL_HS                  (abs)                     000000
__CFG_IESO$OFF                       (abs)                     000000
__CFG_LPT1OSC$OFF                    (abs)                     000000
__CFG_LVP$OFF                        (abs)                     000000
__CFG_MCLRE$ON                       (abs)                     000000
__CFG_PBADEN$OFF                     (abs)                     000000
__CFG_PLLDIV$5                       (abs)                     000000
__CFG_PWRT$OFF                       (abs)                     000000
__CFG_STVREN$ON                      (abs)                     000000
__CFG_USBDIV$2                       (abs)                     000000
__CFG_VREGEN$ON                      (abs)                     000000
__CFG_WDT$OFF                        (abs)                     000000
__CFG_WDTPS$32768                    (abs)                     000000
__CFG_WRT0$OFF                       (abs)                     000000
__CFG_WRT1$OFF                       (abs)                     000000
__CFG_WRTB$OFF                       (abs)                     000000
__CFG_WRTC$OFF                       (abs)                     000000
__CFG_XINST$OFF                      (abs)                     000000
__HHiVector                          HiVector                  000000
__HLoVector                          LoVector                  000000
__HRAM                               (abs)                     000000
__H_BootMain_text                    _BootMain_text            000050
__H_FlashSignatureWord_const         _FlashSignatureWord_const 002008
__Habs1                              abs1                      000000
__Hbank0                             bank0                     000000
__Hbank1                             bank1                     000000
__Hbank2                             bank2                     000000
__Hbank3                             bank3                     000000
__Hbank4                             bank4                     000000
__Hbank5                             bank5                     000000
__Hbank6                             bank6                     000000
__Hbank7                             bank7                     000000
__Hbigbss                            bigbss                    000000
__Hbigdata                           bigdata                   000000
__Hbigram                            bigram                    000000
__Hbss                               bss                       000000
__HbssBANK0                          bssBANK0                  000000
__HbssBANK1                          bssBANK1                  000000
__HbssCOMRAM                         bssCOMRAM                 000000
__Hcinit                             cinit                     000000
__Hclrtext                           clrtext                   000000
__Hcomram                            comram                    000000
__Hconfig                            config                    30000E
__Hconst                             const                     000000
__HcstackCOMRAM                      cstackCOMRAM              000000
__Hdata                              data                      000000
__Heeprom_data                       eeprom_data               000000
__Hend_init                          end_init                  000004
__Hfarbss                            farbss                    000000
__Hfardata                           fardata                   000000
__Hibigdata                          ibigdata                  000000
__Hidata                             idata                     000000
__Hidloc                             idloc                     200008
__Hifardata                          ifardata                  000000
__Hinit                              init                      000000
__Hintcode                           intcode                   000000
__Hintcode_body                      intcode_body              000000
__Hintcodelo                         intcodelo                 000000
__Hintentry                          intentry                  000000
__Hintret                            intret                    000000
__Hintsave_regs                      intsave_regs              000000
__Hirdata                            irdata                    000000
__Hmediumconst                       mediumconst               000000
__HnvFARRAM                          nvFARRAM                  000000
__Hnvbit                             nvbit                     000000
__Hnvrram                            nvrram                    000000
__Hparam                             rparam                    000000
__Hpowerup                           powerup                   000000
__Hram                               ram                       000000
__Hramtop                            ramtop                    000800
__Hrbit                              rbit                      000000
__Hrbss                              rbss                      000000
__Hrdata                             rdata                     000000
__Hreset_vec                         reset_vec                 000000
__Hrparam                            rparam                    000000
__Hsfr                               sfr                       000000
__Hsmallconst                        smallconst                0008BE
__Hstack                             stack                     000000
__Hstruct                            struct                    000000
__Htemp                              temp                      000000
__Htext                              text                      000000
__Htext0                             text0                     000000
__Htext10                            text10                    000000
__Htext11                            text11                    000000
__Htext12                            text12                    000000
__Htext13                            text13                    000000
__Htext14                            text14                    000000
__Htext15                            text15                    000000
__Htext16                            text16                    000000
__Htext17                            text17                    000000
__Htext18                            text18                    000000
__Htext19                            text19                    000000
__Htext2                             text2                     000000
__Htext20                            text20                    000000
__Htext21                            text21                    000000
__Htext22                            text22                    000000
__Htext23                            text23                    000000
__Htext24                            text24                    000000
__Htext25                            text25                    000000
__Htext26                            text26                    000000
__Htext27                            text27                    000000
__Htext28                            text28                    000000
__Htext29                            text29                    000000
__Htext3                             text3                     000000
__Htext30                            text30                    000000
__Htext31                            text31                    000000
__Htext32                            text32                    000000
__Htext33                            text33                    000000
__Htext34                            text34                    000000
__Htext35                            text35                    000000
__Htext36                            text36                    000000
__Htext37                            text37                    000000
__Htext38                            text38                    000000
__Htext39                            text39                    000000
__Htext4                             text4                     000000
__Htext40                            text40                    000000
__Htext41                            text41                    000000
__Htext42                            text42                    000000
__Htext5                             text5                     000000
__Htext6                             text6                     000000
__Htext7                             text7                     000000
__Htext8                             text8                     000000
__Htext9                             text9                     000000
__LHiVector                          HiVector                  000000
__LLoVector                          LoVector                  000000
__LRAM                               (abs)                     000001
__L_BootMain_text                    _BootMain_text            000030
__L_FlashSignatureWord_const         _FlashSignatureWord_const 002006
__Labs1                              abs1                      000000
__Lbank0                             bank0                     000000
__Lbank1                             bank1                     000000
__Lbank2                             bank2                     000000
__Lbank3                             bank3                     000000
__Lbank4                             bank4                     000000
__Lbank5                             bank5                     000000
__Lbank6                             bank6                     000000
__Lbank7                             bank7                     000000
__Lbigbss                            bigbss                    000000
__Lbigdata                           bigdata                   000000
__Lbigram                            bigram                    000000
__Lbss                               bss                       000000
__LbssBANK0                          bssBANK0                  000000
__LbssBANK1                          bssBANK1                  000000
__LbssCOMRAM                         bssCOMRAM                 000000
__Lcinit                             cinit                     000000
__Lclrtext                           clrtext                   000000
__Lcomram                            comram                    000000
__Lconfig                            config                    300000
__Lconst                             const                     000000
__LcstackCOMRAM                      cstackCOMRAM              000000
__Ldata                              data                      000000
__Leeprom_data                       eeprom_data               000000
__Lend_init                          end_init                  000000
__Lfarbss                            farbss                    000000
__Lfardata                           fardata                   000000
__Libigdata                          ibigdata                  000000
__Lidata                             idata                     000000
__Lidloc                             idloc                     200000
__Lifardata                          ifardata                  000000
__Linit                              init                      000000
__Lintcode                           intcode                   000000
__Lintcode_body                      intcode_body              000000
__Lintcodelo                         intcodelo                 000000
__Lintentry                          intentry                  000000
__Lintret                            intret                    000000
__Lintsave_regs                      intsave_regs              000000
__Lirdata                            irdata                    000000
__Lmediumconst                       mediumconst               000000
__LnvFARRAM                          nvFARRAM                  000000
__Lnvbit                             nvbit                     000000
__Lnvrram                            nvrram                    000000
__Lparam                             rparam                    000000
__Lpowerup                           powerup                   000000
__Lram                               ram                       000000
__Lramtop                            ramtop                    000800
__Lrbit                              rbit                      000000
__Lrbss                              rbss                      000000
__Lrdata                             rdata                     000000
__Lreset_vec                         reset_vec                 000000
__Lrparam                            rparam                    000000
__Lsfr                               sfr                       000000
__Lsmallconst                        smallconst                000800
__Lstack                             stack                     000000
__Lstruct                            struct                    000000
__Ltemp                              temp                      000000
__Ltext                              text                      000000
__Ltext0                             text0                     000000
__Ltext10                            text10                    000000
__Ltext11                            text11                    000000
__Ltext12                            text12                    000000
__Ltext13                            text13                    000000
__Ltext14                            text14                    000000
__Ltext15                            text15                    000000
__Ltext16                            text16                    000000
__Ltext17                            text17                    000000
__Ltext18                            text18                    000000
__Ltext19                            text19                    000000
__Ltext2                             text2                     000000
__Ltext20                            text20                    000000
__Ltext21                            text21                    000000
__Ltext22                            text22                    000000
__Ltext23                            text23                    000000
__Ltext24                            text24                    000000
__Ltext25                            text25                    000000
__Ltext26                            text26                    000000
__Ltext27                            text27                    000000
__Ltext28                            text28                    000000
__Ltext29                            text29                    000000
__Ltext3                             text3                     000000
__Ltext30                            text30                    000000
__Ltext31                            text31                    000000
__Ltext32                            text32                    000000
__Ltext33                            text33                    000000
__Ltext34                            text34                    000000
__Ltext35                            text35                    000000
__Ltext36                            text36                    000000
__Ltext37                            text37                    000000
__Ltext38                            text38                    000000
__Ltext39                            text39                    000000
__Ltext4                             text4                     000000
__Ltext40                            text40                    000000
__Ltext41                            text41                    000000
__Ltext42                            text42                    000000
__Ltext5                             text5                     000000
__Ltext6                             text6                     000000
__Ltext7                             text7                     000000
__Ltext8                             text8                     000000
__Ltext9                             text9                     000000
__S0                                 (abs)                     30000E
__S1                                 (abs)                     000140
__S2                                 (abs)                     000000
___inthi_sp                          stack                     000000
___intlo_sp                          stack                     000000
___sp                                stack                     000000
__accesstop                          (abs)                     000060
__activetblptr                       (abs)                     000002
__end_of_BlinkUSBStatus              text42                    001C1A
__end_of_BootMain                    _BootMain_text            000050
__end_of_CFG01                       smallconst                000864
__end_of_ClearWatchdog               text41                    000008
__end_of_DelayRoutine                text40                    001D12
__end_of_FlashSignatureWord          _FlashSignatureWord_const 002008
__end_of_HIDGetReportHandler         text21                    001D8E
__end_of_HIDInitEP                   text37                    001B90
__end_of_HIDRxReport                 text29                    0017CE
__end_of_HIDSetReportHandler         text20                    001D8C
__end_of_HIDTxReport                 text28                    001858
__end_of_InitializeSystem            text30                    001D76
__end_of_LoadBDTandSetUOWN           text38                    001B3C
__end_of_LowVoltageCheck             text26                    001D90
__end_of_ProcessIO                   text2                     000E84
__end_of_ResetDeviceCleanly          text27                    000018
__end_of_SignFlash                   text24                    000F9A
__end_of_USBCBCheckOtherReq          text18                    001D8A
__end_of_USBCBInitEP                 text35                    001D3A
__end_of_USBCBSuspend                text10                    001D68
__end_of_USBCBWakeFromSuspend        text8                     001D5A
__end_of_USBCheckBusStatus           text32                    001D84
__end_of_USBCheckHIDRequest          text19                    00119A
__end_of_USBCheckStdRequest          text13                    001440
__end_of_USBCtrlEPServiceComplete    text12                    001372
__end_of_USBCtrlTrfInHandler         text22                    001BE0
__end_of_USBCtrlTrfSetupHandler      text11                    001A82
__end_of_USBCtrlTrfTxService         text23                    00168A
__end_of_USBDeviceInit               text31                    001D26
__end_of_USBDeviceTasks              text6                     001288
__end_of_USBDisableWithLongDelay     text39                    001CFC
__end_of_USBProtocolResetHandler     text34                    00194C
__end_of_USBSoftAttach               text33                    001CA2
__end_of_USBStdFeatureReqHandler     text17                    0015C8
__end_of_USBStdGetDscHandler         text16                    001732
__end_of_USBStdGetStatusHandler      text15                    001504
__end_of_USBStdSetCfgHandler         text14                    001A1E
__end_of_USBSuspend                  text9                     001CE0
__end_of_USBWakeFromSuspend          text7                     001D4C
__end_of_USB_SD_Ptr                  smallconst                000807
__end_of_UnlockAndActivate           text25                    001C76
__end_of_UserInit                    text36                    001CC4
__end_of_WriteConfigBits             text5                     0018D4
__end_of_WriteEEPROM                 text4                     0019B6
__end_of_WriteFlashBlock             text3                     0010A2
__end_of__initialization             cinit                     001C3E
__end_of_device_dsc                  smallconst                0008B9
__end_of_hid_rpt01                   smallconst                0008A7
__end_of_main                        text0                     001AE0
__end_of_sd000                       smallconst                0008BD
__end_of_sd001                       smallconst                00083B
__end_of_sd002                       smallconst                00088A
__initialization                     cinit                     001C1A
__mediumconst                        mediumconst               000000
__p_BootMain_text                    _BootMain_text            000030
__p_FlashSignatureWord_const         _FlashSignatureWord_const 002006
__pbssBANK0                          bssBANK0                  000060
__pbssBANK1                          bssBANK1                  000100
__pbssCOMRAM                         bssCOMRAM                 000001
__pcinit                             cinit                     001C1A
__pcstackCOMRAM                      cstackCOMRAM              00004A
__psmallconst                        smallconst                000800
__ptext0                             text0                     001A82
__ptext10                            text10                    001D5A
__ptext11                            text11                    001A1E
__ptext12                            text12                    001288
__ptext13                            text13                    001372
__ptext14                            text14                    0019B6
__ptext15                            text15                    001440
__ptext16                            text16                    00168A
__ptext17                            text17                    001504
__ptext18                            text18                    001D84
__ptext19                            text19                    0010A2
__ptext2                             text2                     0008BE
__ptext20                            text20                    001D8A
__ptext21                            text21                    001D8C
__ptext22                            text22                    001B90
__ptext23                            text23                    0015C8
__ptext24                            text24                    000E84
__ptext25                            text25                    001C48
__ptext26                            text26                    001D8E
__ptext27                            text27                    00000C
__ptext28                            text28                    0017CE
__ptext29                            text29                    001732
__ptext3                             text3                     000F9A
__ptext30                            text30                    001D68
__ptext31                            text31                    001D12
__ptext32                            text32                    001D76
__ptext33                            text33                    001C76
__ptext34                            text34                    0018D4
__ptext35                            text35                    001D26
__ptext36                            text36                    001CA2
__ptext37                            text37                    001B3C
__ptext38                            text38                    001AE0
__ptext39                            text39                    001CE0
__ptext4                             text4                     00194C
__ptext40                            text40                    001CFC
__ptext41                            text41                    000004
__ptext42                            text42                    001BE0
__ptext5                             text5                     001858
__ptext6                             text6                     00119A
__ptext7                             text7                     001D3A
__ptext8                             text8                     001D4C
__ptext9                             text9                     001CC4
__ramtop                             ramtop                    000800
__size_of_BlinkUSBStatus             (abs)                     000000
__size_of_BootMain                   (abs)                     000000
__size_of_ClearWatchdog              (abs)                     000000
__size_of_DelayRoutine               (abs)                     000000
__size_of_HIDGetReportHandler        (abs)                     000000
__size_of_HIDInitEP                  (abs)                     000000
__size_of_HIDRxReport                (abs)                     000000
__size_of_HIDSetReportHandler        (abs)                     000000
__size_of_HIDTxReport                (abs)                     000000
__size_of_InitializeSystem           (abs)                     000000
__size_of_LoadBDTandSetUOWN          (abs)                     000000
__size_of_LowVoltageCheck            (abs)                     000000
__size_of_ProcessIO                  (abs)                     000000
__size_of_ResetDeviceCleanly         (abs)                     000000
__size_of_SignFlash                  (abs)                     000000
__size_of_USBCBCheckOtherReq         (abs)                     000000
__size_of_USBCBInitEP                (abs)                     000000
__size_of_USBCBSuspend               (abs)                     000000
__size_of_USBCBWakeFromSuspend       (abs)                     000000
__size_of_USBCheckBusStatus          (abs)                     000000
__size_of_USBCheckHIDRequest         (abs)                     000000
__size_of_USBCheckStdRequest         (abs)                     000000
__size_of_USBCtrlEPServiceComplete   (abs)                     000000
__size_of_USBCtrlTrfInHandler        (abs)                     000000
__size_of_USBCtrlTrfSetupHandler     (abs)                     000000
__size_of_USBCtrlTrfTxService        (abs)                     000000
__size_of_USBDeviceInit              (abs)                     000000
__size_of_USBDeviceTasks             (abs)                     000000
__size_of_USBDisableWithLongDelay    (abs)                     000000
__size_of_USBProtocolResetHandler    (abs)                     000000
__size_of_USBSoftAttach              (abs)                     000000
__size_of_USBStdFeatureReqHandler    (abs)                     000000
__size_of_USBStdGetDscHandler        (abs)                     000000
__size_of_USBStdGetStatusHandler     (abs)                     000000
__size_of_USBStdSetCfgHandler        (abs)                     000000
__size_of_USBSuspend                 (abs)                     000000
__size_of_USBWakeFromSuspend         (abs)                     000000
__size_of_UnlockAndActivate          (abs)                     000000
__size_of_UserInit                   (abs)                     000000
__size_of_WriteConfigBits            (abs)                     000000
__size_of_WriteEEPROM                (abs)                     000000
__size_of_WriteFlashBlock            (abs)                     000000
__size_of_main                       (abs)                     000000
__smallconst                         smallconst                000800
_active_protocol                     bssCOMRAM                 000046
_bTRNIFCount                         bssCOMRAM                 000035
_ctrl_trf_session_owner              bssCOMRAM                 000036
_ctrl_trf_state                      bssCOMRAM                 000037
_device_dsc                          smallconst                0008A7
_ep0Bi                               (abs)                     000408
_ep0BoEven                           (abs)                     000400
_ep0BoOdd                            (abs)                     000404
_ep1Bi                               (abs)                     000410
_ep1Bo                               (abs)                     00040C
_hid_report_in                       (abs)                     00046C
_hid_report_out                      (abs)                     00042C
_hid_rpt01                           smallconst                00088A
_hid_rpt_rx_len                      bssCOMRAM                 000038
_idle_rate                           bssCOMRAM                 000047
_main                                text0                     001A82
_pDst                                bssCOMRAM                 000012
_pSrc                                bssCOMRAM                 000015
_sd000                               smallconst                0008B9
_sd001                               smallconst                000807
_sd002                               smallconst                000864
_short_pkt_status                    bssCOMRAM                 000039
_uint_delay_counter                  bssCOMRAM                 000022
_usb_active_cfg                      bssCOMRAM                 000048
_usb_alt_intf                        bssCOMRAM                 000049
_usb_device_state                    bssCOMRAM                 00003A
_usb_stat                            bssCOMRAM                 00003B
_wCount                              bssCOMRAM                 000044
end_of_initialization                cinit                     001C3E
intlevel0                            text                      000000
intlevel1                            text                      000000
intlevel2                            text                      000000
intlevel3                            text                      000000
stackhi                              (abs)                     0007FF
stacklo                              (abs)                     0004AC
start                                init                      000000
start_initialization                 cinit                     001C1A


FUNCTION INFORMATION:

 *************** function _main *****************
 Defined at:
		line 423 in file "../src/main.c"
 Parameters:    Size  Location     Type
		None
 Auto vars:     Size  Location     Type
		None
 Return value:  Size  Location     Type
		None               void
 Registers used:
		wreg, fsr1l, fsr1h, fsr2l, fsr2h, status,2, status,0, tblptrl, tblptrh, tblptru, prodl, prodh, cstack
 Tracked objects:
		On entry : 
		On exit  : 
		Unchanged: 
 Data sizes:     COMRAM   BANK0   BANK1   BANK2   BANK3  BANK4h   BANK5   BANK6   BANK7
      Params:         0       0       0       0       0       0       0       0       0
      Locals:         0       0       0       0       0       0       0       0       0
      Temps:          2       0       0       0       0       0       0       0       0
      Totals:         2       0       0       0       0       0       0       0       0
Total ram usage:        2 bytes
 Hardware stack levels required when called:    8
 This function calls:
		_BootMain
 This function is called by:
		Startup code after reset
 This function uses a non-reentrant model


 *************** function _BootMain *****************
 Defined at:
		line 508 in file "../src/main.c"
 Parameters:    Size  Location     Type
		None
 Auto vars:     Size  Location     Type
		None
 Return value:  Size  Location     Type
		None               void
 Registers used:
		wreg, fsr1l, fsr1h, fsr2l, fsr2h, status,2, status,0, tblptrl, tblptrh, tblptru, prodl, prodh, cstack
 Tracked objects:
		On entry : 
		On exit  : 
		Unchanged: 
 Data sizes:     COMRAM   BANK0   BANK1   BANK2   BANK3  BANK4h   BANK5   BANK6   BANK7
      Params:         0       0       0       0       0       0       0       0       0
      Locals:         0       0       0       0       0       0       0       0       0
      Temps:          0       0       0       0       0       0       0       0       0
      Totals:         0       0       0       0       0       0       0       0       0
Total ram usage:        0 bytes
 Hardware stack levels used:    1
 Hardware stack levels required when called:    7
 This function calls:
		_BlinkUSBStatus
		_InitializeSystem
		_LowVoltageCheck
		_ProcessIO
		_USBDeviceTasks
 This function is called by:
		_main
 This function uses a non-reentrant model


 *************** function _ProcessIO *****************
 Defined at:
		line 359 in file "../src/BootPIC18NonJ.c"
 Parameters:    Size  Location     Type
		None
 Auto vars:     Size  Location     Type
		None
 Return value:  Size  Location     Type
		None               void
 Registers used:
		wreg, fsr1l, fsr1h, fsr2l, fsr2h, status,2, status,0, tblptrl, tblptrh, tblptru, prodl, prodh, cstack
 Tracked objects:
		On entry : 
		On exit  : 
		Unchanged: 
 Data sizes:     COMRAM   BANK0   BANK1   BANK2   BANK3  BANK4h   BANK5   BANK6   BANK7
      Params:         0       0       0       0       0       0       0       0       0
      Locals:         0       0       0       0       0       0       0       0       0
      Temps:          4       0       0       0       0       0       0       0       0
      Totals:         4       0       0       0       0       0       0       0       0
Total ram usage:        4 bytes
 Hardware stack levels used:    1
 Hardware stack levels required when called:    6
 This function calls:
		_ClearWatchdog
		_HIDRxReport
		_HIDTxReport
		_ResetDeviceCleanly
		_SignFlash
		_USBDeviceTasks
		_UnlockAndActivate
		_WriteConfigBits
		_WriteEEPROM
		_WriteFlashBlock
 This function is called by:
		_BootMain
 This function uses a non-reentrant model


 *************** function _WriteFlashBlock *****************
 Defined at:
		line 721 in file "../src/BootPIC18NonJ.c"
 Parameters:    Size  Location     Type
		None
 Auto vars:     Size  Location     Type
		None
 Return value:  Size  Location     Type
		None               void
 Registers used:
		wreg, fsr1l, fsr1h, fsr2l, fsr2h, status,2, status,0, prodl, prodh, cstack
 Tracked objects:
		On entry : 
		On exit  : 
		Unchanged: 
 Data sizes:     COMRAM   BANK0   BANK1   BANK2   BANK3  BANK4h   BANK5   BANK6   BANK7
      Params:         0       0       0       0       0       0       0       0       0
      Locals:         0       0       0       0       0       0       0       0       0
      Temps:          8       0       0       0       0       0       0       0       0
      Totals:         8       0       0       0       0       0       0       0       0
Total ram usage:        8 bytes
 Hardware stack levels used:    1
 Hardware stack levels required when called:    2
 This function calls:
		_UnlockAndActivate
 This function is called by:
		_ProcessIO
 This function uses a non-reentrant model


 *************** function _WriteEEPROM *****************
 Defined at:
		line 870 in file "../src/BootPIC18NonJ.c"
 Parameters:    Size  Location     Type
		None
 Auto vars:     Size  Location     Type
		None
 Return value:  Size  Location     Type
		None               void
 Registers used:
		wreg, fsr2l, fsr2h, status,2, status,0, cstack
 Tracked objects:
		On entry : 
		On exit  : 
		Unchanged: 
 Data sizes:     COMRAM   BANK0   BANK1   BANK2   BANK3  BANK4h   BANK5   BANK6   BANK7
      Params:         0       0       0       0       0       0       0       0       0
      Locals:         0       0       0       0       0       0       0       0       0
      Temps:          4       0       0       0       0       0       0       0       0
      Totals:         4       0       0       0       0       0       0       0       0
Total ram usage:        4 bytes
 Hardware stack levels used:    1
 Hardware stack levels required when called:    2
 This function calls:
		_UnlockAndActivate
 This function is called by:
		_ProcessIO
 This function uses a non-reentrant model


 *************** function _WriteConfigBits *****************
 Defined at:
		line 833 in file "../src/BootPIC18NonJ.c"
 Parameters:    Size  Location     Type
		None
 Auto vars:     Size  Location     Type
		None
 Return value:  Size  Location     Type
		None               void
 Registers used:
		wreg, fsr2l, fsr2h, status,2, status,0, cstack
 Tracked objects:
		On entry : 
		On exit  : 
		Unchanged: 
 Data sizes:     COMRAM   BANK0   BANK1   BANK2   BANK3  BANK4h   BANK5   BANK6   BANK7
      Params:         0       0       0       0       0       0       0       0       0
      Locals:         0       0       0       0       0       0       0       0       0
      Temps:          4       0       0       0       0       0       0       0       0
      Totals:         4       0       0       0       0       0       0       0       0
Total ram usage:        4 bytes
 Hardware stack levels used:    1
 Hardware stack levels required when called:    2
 This function calls:
		_UnlockAndActivate
 This function is called by:
		_ProcessIO
 This function uses a non-reentrant model


 *************** function _USBDeviceTasks *****************
 Defined at:
		line 464 in file "../src/usb_device.c"
 Parameters:    Size  Location     Type
		None
 Auto vars:     Size  Location     Type
		None
 Return value:  Size  Location     Type
		None               void
 Registers used:
		wreg, fsr1l, fsr1h, fsr2l, fsr2h, status,2, status,0, tblptrl, tblptrh, tblptru, prodl, prodh, cstack
 Tracked objects:
		On entry : 
		On exit  : 
		Unchanged: 
 Data sizes:     COMRAM   BANK0   BANK1   BANK2   BANK3  BANK4h   BANK5   BANK6   BANK7
      Params:         0       0       0       0       0       0       0       0       0
      Locals:         0       0       0       0       0       0       0       0       0
      Temps:          2       0       0       0       0       0       0       0       0
      Totals:         2       0       0       0       0       0       0       0       0
Total ram usage:        2 bytes
 Hardware stack levels used:    1
 Hardware stack levels required when called:    5
 This function calls:
		_USBCheckBusStatus
		_USBCtrlTrfInHandler
		_USBCtrlTrfSetupHandler
		_USBProtocolResetHandler
		_USBSuspend
		_USBWakeFromSuspend
 This function is called by:
		_ProcessIO
		_BootMain
 This function uses a non-reentrant model


 *************** function _USBWakeFromSuspend *****************
 Defined at:
		line 702 in file "../src/usb_device.c"
 Parameters:    Size  Location     Type
		None
 Auto vars:     Size  Location     Type
		None
 Return value:  Size  Location     Type
		None               void
 Registers used:
		wreg, status,2, status,0, cstack
 Tracked objects:
		On entry : 
		On exit  : 
		Unchanged: 
 Data sizes:     COMRAM   BANK0   BANK1   BANK2   BANK3  BANK4h   BANK5   BANK6   BANK7
      Params:         0       0       0       0       0       0       0       0       0
      Locals:         0       0       0       0       0       0       0       0       0
      Temps:          0       0       0       0       0       0       0       0       0
      Totals:         0       0       0       0       0       0       0       0       0
Total ram usage:        0 bytes
 Hardware stack levels used:    1
 Hardware stack levels required when called:    3
 This function calls:
		_USBCBWakeFromSuspend
 This function is called by:
		_USBDeviceTasks
 This function uses a non-reentrant model


 *************** function _USBCBWakeFromSuspend *****************
 Defined at:
		line 770 in file "../src/main.c"
 Parameters:    Size  Location     Type
		None
 Auto vars:     Size  Location     Type
		None
 Return value:  Size  Location     Type
		None               void
 Registers used:
		wreg, status,2, status,0, cstack
 Tracked objects:
		On entry : 
		On exit  : 
		Unchanged: 
 Data sizes:     COMRAM   BANK0   BANK1   BANK2   BANK3  BANK4h   BANK5   BANK6   BANK7
      Params:         0       0       0       0       0       0       0       0       0
      Locals:         0       0       0       0       0       0       0       0       0
      Temps:          0       0       0       0       0       0       0       0       0
      Totals:         0       0       0       0       0       0       0       0       0
Total ram usage:        0 bytes
 Hardware stack levels used:    1
 Hardware stack levels required when called:    2
 This function calls:
		_DelayRoutine
 This function is called by:
		_USBWakeFromSuspend
 This function uses a non-reentrant model


 *************** function _USBSuspend *****************
 Defined at:
		line 610 in file "../src/usb_device.c"
 Parameters:    Size  Location     Type
		None
 Auto vars:     Size  Location     Type
		None
 Return value:  Size  Location     Type
		None               void
 Registers used:
		wreg, status,2, status,0, cstack
 Tracked objects:
		On entry : 
		On exit  : 
		Unchanged: 
 Data sizes:     COMRAM   BANK0   BANK1   BANK2   BANK3  BANK4h   BANK5   BANK6   BANK7
      Params:         0       0       0       0       0       0       0       0       0
      Locals:         0       0       0       0       0       0       0       0       0
      Temps:          0       0       0       0       0       0       0       0       0
      Totals:         0       0       0       0       0       0       0       0       0
Total ram usage:        0 bytes
 Hardware stack levels used:    1
 Hardware stack levels required when called:    1
 This function calls:
		_USBCBSuspend
 This function is called by:
		_USBDeviceTasks
 This function uses a non-reentrant model


 *************** function _USBCBSuspend *****************
 Defined at:
		line 806 in file "../src/main.c"
 Parameters:    Size  Location     Type
		None
 Auto vars:     Size  Location     Type
		None
 Return value:  Size  Location     Type
		None               void
 Registers used:
		None
 Tracked objects:
		On entry : 
		On exit  : 
		Unchanged: 
 Data sizes:     COMRAM   BANK0   BANK1   BANK2   BANK3  BANK4h   BANK5   BANK6   BANK7
      Params:         0       0       0       0       0       0       0       0       0
      Locals:         0       0       0       0       0       0       0       0       0
      Temps:          0       0       0       0       0       0       0       0       0
      Totals:         0       0       0       0       0       0       0       0       0
Total ram usage:        0 bytes
 Hardware stack levels used:    1
 This function calls:
		Nothing
 This function is called by:
		_USBSuspend
 This function uses a non-reentrant model


 *************** function _USBCtrlTrfSetupHandler *****************
 Defined at:
		line 813 in file "../src/usb_device.c"
 Parameters:    Size  Location     Type
		None
 Auto vars:     Size  Location     Type
		None
 Return value:  Size  Location     Type
		None               void
 Registers used:
		wreg, fsr1l, fsr1h, fsr2l, fsr2h, status,2, status,0, tblptrl, tblptrh, tblptru, prodl, prodh, cstack
 Tracked objects:
		On entry : 
		On exit  : 
		Unchanged: 
 Data sizes:     COMRAM   BANK0   BANK1   BANK2   BANK3  BANK4h   BANK5   BANK6   BANK7
      Params:         0       0       0       0       0       0       0       0       0
      Locals:         0       0       0       0       0       0       0       0       0
      Temps:          1       0       0       0       0       0       0       0       0
      Totals:         1       0       0       0       0       0       0       0       0
Total ram usage:        1 bytes
 Hardware stack levels used:    1
 Hardware stack levels required when called:    4
 This function calls:
		_USBCBCheckOtherReq
		_USBCheckStdRequest
		_USBCtrlEPServiceComplete
 This function is called by:
		_USBDeviceTasks
 This function uses a non-reentrant model


 *************** function _USBCtrlEPServiceComplete *****************
 Defined at:
		line 1170 in file "../src/usb_device.c"
 Parameters:    Size  Location     Type
		None
 Auto vars:     Size  Location     Type
		None
 Return value:  Size  Location     Type
		None               void
 Registers used:
		wreg, fsr1l, fsr1h, fsr2l, fsr2h, status,2, status,0, tblptrl, tblptrh, tblptru, cstack
 Tracked objects:
		On entry : 
		On exit  : 
		Unchanged: 
 Data sizes:     COMRAM   BANK0   BANK1   BANK2   BANK3  BANK4h   BANK5   BANK6   BANK7
      Params:         0       0       0       0       0       0       0       0       0
      Locals:         0       0       0       0       0       0       0       0       0
      Temps:          1       0       0       0       0       0       0       0       0
      Totals:         1       0       0       0       0       0       0       0       0
Total ram usage:        1 bytes
 Hardware stack levels used:    1
 Hardware stack levels required when called:    1
 This function calls:
		_LoadBDTandSetUOWN
		_USBCtrlTrfTxService
 This function is called by:
		_USBCtrlTrfSetupHandler
 This function uses a non-reentrant model


 *************** function _USBCheckStdRequest *****************
 Defined at:
		line 1317 in file "../src/usb_device.c"
 Parameters:    Size  Location     Type
		None
 Auto vars:     Size  Location     Type
		None
 Return value:  Size  Location     Type
		None               void
 Registers used:
		wreg, fsr1l, fsr1h, fsr2l, fsr2h, status,2, status,0, tblptrl, tblptrh, tblptru, prodl, prodh, cstack
 Tracked objects:
		On entry : 
		On exit  : 
		Unchanged: 
 Data sizes:     COMRAM   BANK0   BANK1   BANK2   BANK3  BANK4h   BANK5   BANK6   BANK7
      Params:         0       0       0       0       0       0       0       0       0
      Locals:         0       0       0       0       0       0       0       0       0
      Temps:          1       0       0       0       0       0       0       0       0
      Totals:         1       0       0       0       0       0       0       0       0
Total ram usage:        1 bytes
 Hardware stack levels used:    1
 Hardware stack levels required when called:    3
 This function calls:
		_USBStdFeatureReqHandler
		_USBStdGetDscHandler
		_USBStdGetStatusHandler
		_USBStdSetCfgHandler
 This function is called by:
		_USBCtrlTrfSetupHandler
 This function uses a non-reentrant model


 *************** function _USBStdSetCfgHandler *****************
 Defined at:
		line 1432 in file "../src/usb_device.c"
 Parameters:    Size  Location     Type
		None
 Auto vars:     Size  Location     Type
		None
 Return value:  Size  Location     Type
		None               void
 Registers used:
		wreg, fsr2l, fsr2h, status,2, status,0, prodl, prodh, cstack
 Tracked objects:
		On entry : 
		On exit  : 
		Unchanged: 
 Data sizes:     COMRAM   BANK0   BANK1   BANK2   BANK3  BANK4h   BANK5   BANK6   BANK7
      Params:         0       0       0       0       0       0       0       0       0
      Locals:         0       0       0       0       0       0       0       0       0
      Temps:          1       0       0       0       0       0       0       0       0
      Totals:         1       0       0       0       0       0       0       0       0
Total ram usage:        1 bytes
 Hardware stack levels used:    1
 Hardware stack levels required when called:    2
 This function calls:
		_USBCBInitEP
 This function is called by:
		_USBCheckStdRequest
 This function uses a non-reentrant model


 *************** function _USBStdGetStatusHandler *****************
 Defined at:
		line 1481 in file "../src/usb_device.c"
 Parameters:    Size  Location     Type
		None
 Auto vars:     Size  Location     Type
		None
 Return value:  Size  Location     Type
		None               void
 Registers used:
		wreg, fsr2l, fsr2h, status,2, status,0, prodl, prodh
 Tracked objects:
		On entry : 
		On exit  : 
		Unchanged: 
 Data sizes:     COMRAM   BANK0   BANK1   BANK2   BANK3  BANK4h   BANK5   BANK6   BANK7
      Params:         0       0       0       0       0       0       0       0       0
      Locals:         0       0       0       0       0       0       0       0       0
      Temps:          4       0       0       0       0       0       0       0       0
      Totals:         4       0       0       0       0       0       0       0       0
Total ram usage:        4 bytes
 Hardware stack levels used:    1
 This function calls:
		Nothing
 This function is called by:
		_USBCheckStdRequest
 This function uses a non-reentrant model


 *************** function _USBStdGetDscHandler *****************
 Defined at:
		line 1384 in file "../src/usb_device.c"
 Parameters:    Size  Location     Type
		None
 Auto vars:     Size  Location     Type
		None
 Return value:  Size  Location     Type
		None               void
 Registers used:
		wreg, fsr1l, fsr1h, status,2, status,0, tblptrl, tblptrh, tblptru, prodl, prodh
 Tracked objects:
		On entry : 
		On exit  : 
		Unchanged: 
 Data sizes:     COMRAM   BANK0   BANK1   BANK2   BANK3  BANK4h   BANK5   BANK6   BANK7
      Params:         0       0       0       0       0       0       0       0       0
      Locals:         0       0       0       0       0       0       0       0       0
      Temps:          1       0       0       0       0       0       0       0       0
      Totals:         1       0       0       0       0       0       0       0       0
Total ram usage:        1 bytes
 Hardware stack levels used:    1
 This function calls:
		Nothing
 This function is called by:
		_USBCheckStdRequest
 This function uses a non-reentrant model


 *************** function _USBStdFeatureReqHandler *****************
 Defined at:
		line 1539 in file "../src/usb_device.c"
 Parameters:    Size  Location     Type
		None
 Auto vars:     Size  Location     Type
		None
 Return value:  Size  Location     Type
		None               void
 Registers used:
		wreg, fsr2l, fsr2h, status,2, status,0, prodl, prodh
 Tracked objects:
		On entry : 
		On exit  : 
		Unchanged: 
 Data sizes:     COMRAM   BANK0   BANK1   BANK2   BANK3  BANK4h   BANK5   BANK6   BANK7
      Params:         0       0       0       0       0       0       0       0       0
      Locals:         0       0       0       0       0       0       0       0       0
      Temps:          4       0       0       0       0       0       0       0       0
      Totals:         4       0       0       0       0       0       0       0       0
Total ram usage:        4 bytes
 Hardware stack levels used:    1
 This function calls:
		Nothing
 This function is called by:
		_USBCheckStdRequest
 This function uses a non-reentrant model


 *************** function _USBCBCheckOtherReq *****************
 Defined at:
		line 904 in file "../src/main.c"
 Parameters:    Size  Location     Type
		None
 Auto vars:     Size  Location     Type
		None
 Return value:  Size  Location     Type
		None               void
 Registers used:
		wreg, status,2, status,0, cstack
 Tracked objects:
		On entry : 
		On exit  : 
		Unchanged: 
 Data sizes:     COMRAM   BANK0   BANK1   BANK2   BANK3  BANK4h   BANK5   BANK6   BANK7
      Params:         0       0       0       0       0       0       0       0       0
      Locals:         0       0       0       0       0       0       0       0       0
      Temps:          0       0       0       0       0       0       0       0       0
      Totals:         0       0       0       0       0       0       0       0       0
Total ram usage:        0 bytes
 Hardware stack levels used:    1
 Hardware stack levels required when called:    2
 This function calls:
		_USBCheckHIDRequest
 This function is called by:
		_USBCtrlTrfSetupHandler
 This function uses a non-reentrant model


 *************** function _USBCheckHIDRequest *****************
 Defined at:
		line 73 in file "../src/usb_device_hid.c"
 Parameters:    Size  Location     Type
		None
 Auto vars:     Size  Location     Type
		None
 Return value:  Size  Location     Type
		None               void
 Registers used:
		wreg, status,2, status,0, cstack
 Tracked objects:
		On entry : 
		On exit  : 
		Unchanged: 
 Data sizes:     COMRAM   BANK0   BANK1   BANK2   BANK3  BANK4h   BANK5   BANK6   BANK7
      Params:         0       0       0       0       0       0       0       0       0
      Locals:         0       0       0       0       0       0       0       0       0
      Temps:          1       0       0       0       0       0       0       0       0
      Totals:         1       0       0       0       0       0       0       0       0
Total ram usage:        1 bytes
 Hardware stack levels used:    1
 Hardware stack levels required when called:    1
 This function calls:
		_HIDGetReportHandler
		_HIDSetReportHandler
 This function is called by:
		_USBCBCheckOtherReq
 This function uses a non-reentrant model


 *************** function _HIDSetReportHandler *****************
 Defined at:
		line 144 in file "../src/usb_device_hid.c"
 Parameters:    Size  Location     Type
		None
 Auto vars:     Size  Location     Type
		None
 Return value:  Size  Location     Type
		None               void
 Registers used:
		None
 Tracked objects:
		On entry : 
		On exit  : 
		Unchanged: 
 Data sizes:     COMRAM   BANK0   BANK1   BANK2   BANK3  BANK4h   BANK5   BANK6   BANK7
      Params:         0       0       0       0       0       0       0       0       0
      Locals:         0       0       0       0       0       0       0       0       0
      Temps:          0       0       0       0       0       0       0       0       0
      Totals:         0       0       0       0       0       0       0       0       0
Total ram usage:        0 bytes
 Hardware stack levels used:    1
 This function calls:
		Nothing
 This function is called by:
		_USBCheckHIDRequest
 This function uses a non-reentrant model


 *************** function _HIDGetReportHandler *****************
 Defined at:
		line 139 in file "../src/usb_device_hid.c"
 Parameters:    Size  Location     Type
		None
 Auto vars:     Size  Location     Type
		None
 Return value:  Size  Location     Type
		None               void
 Registers used:
		None
 Tracked objects:
		On entry : 
		On exit  : 
		Unchanged: 
 Data sizes:     COMRAM   BANK0   BANK1   BANK2   BANK3  BANK4h   BANK5   BANK6   BANK7
      Params:         0       0       0       0       0       0       0       0       0
      Locals:         0       0       0       0       0       0       0       0       0
      Temps:          0       0       0       0       0       0       0       0       0
      Totals:         0       0       0       0       0       0       0       0       0
Total ram usage:        0 bytes
 Hardware stack levels used:    1
 This function calls:
		Nothing
 This function is called by:
		_USBCheckHIDRequest
 This function uses a non-reentrant model


 *************** function _USBCtrlTrfInHandler *****************
 Defined at:
		line 1016 in file "../src/usb_device.c"
 Parameters:    Size  Location     Type
		None
 Auto vars:     Size  Location     Type
		None
 Return value:  Size  Location     Type
		None               void
 Registers used:
		wreg, fsr1l, fsr1h, fsr2l, fsr2h, status,2, status,0, tblptrl, tblptrh, tblptru, cstack
 Tracked objects:
		On entry : 
		On exit  : 
		Unchanged: 
 Data sizes:     COMRAM   BANK0   BANK1   BANK2   BANK3  BANK4h   BANK5   BANK6   BANK7
[...]
      Locals:         0       0       0       0       0       0       0       0       0
      Temps:          0       0       0       0       0       0       0       0       0
      Totals:         0       0       0       0       0       0       0       0       0
Total ram usage:        0 bytes
 Hardware stack levels used:    1
 Hardware stack levels required when called:    3
 This function calls:
		_USBDisableWithLongDelay
 This function is called by:
		_ProcessIO
 This function uses a non-reentrant model


 *************** function _HIDTxReport *****************
 Defined at:
		line 229 in file "../src/usb_device_hid.c"
 Parameters:    Size  Location     Type
  buffer          2    0[COMRAM] PTR unsigned char 
		 -> PacketToPC(65), 
  len             1    2[COMRAM] unsigned char 
 Auto vars:     Size  Location     Type
  i               1    4[COMRAM] unsigned char 
 Return value:  Size  Location     Type
		None               void
 Registers used:
		wreg, fsr1l, fsr1h, fsr2l, fsr2h, status,2, status,0, prodl, prodh
 Tracked objects:
		On entry : 
		On exit  : 
		Unchanged: 
 Data sizes:     COMRAM   BANK0   BANK1   BANK2   BANK3  BANK4h   BANK5   BANK6   BANK7
      Params:         3       0       0       0       0       0       0       0       0
      Locals:         1       0       0       0       0       0       0       0       0
      Temps:          1       0       0       0       0       0       0       0       0
      Totals:         5       0       0       0       0       0       0       0       0
Total ram usage:        5 bytes
 Hardware stack levels used:    1
 This function calls:
		Nothing
 This function is called by:
		_ProcessIO
 This function uses a non-reentrant model


 *************** function _HIDRxReport *****************
 Defined at:
		line 284 in file "../src/usb_device_hid.c"
 Parameters:    Size  Location     Type
  buffer          2    0[COMRAM] PTR unsigned char 
		 -> PacketFromPC(65), 
  len             1    2[COMRAM] unsigned char 
 Auto vars:     Size  Location     Type
		None
 Return value:  Size  Location     Type
                  1    wreg      unsigned char 
 Registers used:
		wreg, fsr1l, fsr1h, fsr2l, fsr2h, status,2, status,0, prodl, prodh
 Tracked objects:
		On entry : 
		On exit  : 
		Unchanged: 
 Data sizes:     COMRAM   BANK0   BANK1   BANK2   BANK3  BANK4h   BANK5   BANK6   BANK7
      Params:         3       0       0       0       0       0       0       0       0
      Locals:         0       0       0       0       0       0       0       0       0
      Temps:          1       0       0       0       0       0       0       0       0
      Totals:         4       0       0       0       0       0       0       0       0
Total ram usage:        4 bytes
 Hardware stack levels used:    1
 This function calls:
		Nothing
 This function is called by:
		_ProcessIO
 This function uses a non-reentrant model


 *************** function _InitializeSystem *****************
 Defined at:
		line 595 in file "../src/main.c"
 Parameters:    Size  Location     Type
		None
 Auto vars:     Size  Location     Type
		None
 Return value:  Size  Location     Type
		None               void
 Registers used:
		wreg, fsr2l, fsr2h, status,2, status,0, cstack
 Tracked objects:
		On entry : 
		On exit  : 
		Unchanged: 
 Data sizes:     COMRAM   BANK0   BANK1   BANK2   BANK3  BANK4h   BANK5   BANK6   BANK7
      Params:         0       0       0       0       0       0       0       0       0
      Locals:         0       0       0       0       0       0       0       0       0
      Temps:          0       0       0       0       0       0       0       0       0
      Totals:         0       0       0       0       0       0       0       0       0
Total ram usage:        0 bytes
 Hardware stack levels used:    1
 Hardware stack levels required when called:    6
 This function calls:
		_USBDeviceInit
		_UserInit
 This function is called by:
		_BootMain
 This function uses a non-reentrant model


 *************** function _USBDeviceInit *****************
 Defined at:
		line 318 in file "../src/usb_device.c"
 Parameters:    Size  Location     Type
		None
 Auto vars:     Size  Location     Type
		None
 Return value:  Size  Location     Type
		None               void
 Registers used:
		wreg, fsr2l, fsr2h, status,2, status,0, cstack
 Tracked objects:
		On entry : 
		On exit  : 
		Unchanged: 
 Data sizes:     COMRAM   BANK0   BANK1   BANK2   BANK3  BANK4h   BANK5   BANK6   BANK7
      Params:         0       0       0       0       0       0       0       0       0
      Locals:         0       0       0       0       0       0       0       0       0
      Temps:          1       0       0       0       0       0       0       0       0
      Totals:         1       0       0       0       0       0       0       0       0
Total ram usage:        1 bytes
 Hardware stack levels used:    1
 Hardware stack levels required when called:    5
 This function calls:
		_USBCheckBusStatus
		_USBDisableWithLongDelay
 This function is called by:
		_InitializeSystem
 This function uses a non-reentrant model


 *************** function _USBCheckBusStatus *****************
 Defined at:
		line 398 in file "../src/usb_device.c"
 Parameters:    Size  Location     Type
		None
 Auto vars:     Size  Location     Type
		None
 Return value:  Size  Location     Type
		None               void
 Registers used:
		wreg, fsr2l, fsr2h, status,2, status,0, cstack
 Tracked objects:
		On entry : 
		On exit  : 
		Unchanged: 
 Data sizes:     COMRAM   BANK0   BANK1   BANK2   BANK3  BANK4h   BANK5   BANK6   BANK7
      Params:         0       0       0       0       0       0       0       0       0
      Locals:         0       0       0       0       0       0       0       0       0
      Temps:          0       0       0       0       0       0       0       0       0
      Totals:         0       0       0       0       0       0       0       0       0
Total ram usage:        0 bytes
 Hardware stack levels used:    1
 Hardware stack levels required when called:    4
 This function calls:
		_USBSoftAttach
 This function is called by:
		_USBDeviceInit
		_USBDeviceTasks
 This function uses a non-reentrant model


 *************** function _USBSoftAttach *****************
 Defined at:
		line 346 in file "../src/usb_device.c"
 Parameters:    Size  Location     Type
		None
 Auto vars:     Size  Location     Type
		None
 Return value:  Size  Location     Type
		None               void
 Registers used:
		wreg, fsr2l, fsr2h, status,2, status,0, cstack
 Tracked objects:
		On entry : 
		On exit  : 
		Unchanged: 
 Data sizes:     COMRAM   BANK0   BANK1   BANK2   BANK3  BANK4h   BANK5   BANK6   BANK7
      Params:         0       0       0       0       0       0       0       0       0
      Locals:         0       0       0       0       0       0       0       0       0
      Temps:          1       0       0       0       0       0       0       0       0
      Totals:         1       0       0       0       0       0       0       0       0
Total ram usage:        1 bytes
 Hardware stack levels used:    1
 Hardware stack levels required when called:    3
 This function calls:
		_USBDisableWithLongDelay
		_USBProtocolResetHandler
 This function is called by:
		_USBCheckBusStatus
 This function uses a non-reentrant model


 *************** function _USBProtocolResetHandler *****************
 Defined at:
		line 745 in file "../src/usb_device.c"
 Parameters:    Size  Location     Type
		None
 Auto vars:     Size  Location     Type
		None
 Return value:  Size  Location     Type
		None               void
 Registers used:
		wreg, fsr2l, fsr2h, status,2, status,0, cstack
 Tracked objects:
		On entry : 
		On exit  : 
		Unchanged: 
 Data sizes:     COMRAM   BANK0   BANK1   BANK2   BANK3  BANK4h   BANK5   BANK6   BANK7
      Params:         0       0       0       0       0       0       0       0       0
      Locals:         0       0       0       0       0       0       0       0       0
      Temps:          1       0       0       0       0       0       0       0       0
      Totals:         1       0       0       0       0       0       0       0       0
Total ram usage:        1 bytes
 Hardware stack levels used:    1
 Hardware stack levels required when called:    2
 This function calls:
		_ClearWatchdog
		_LoadBDTandSetUOWN
		_USBCBInitEP
 This function is called by:
		_USBSoftAttach
		_USBDeviceTasks
 This function uses a non-reentrant model


 *************** function _USBCBInitEP *****************
 Defined at:
		line 853 in file "../src/main.c"
 Parameters:    Size  Location     Type
  Configuratio    1    wreg     unsigned char 
 Auto vars:     Size  Location     Type
  Configuratio    1    1[COMRAM] unsigned char 
 Return value:  Size  Location     Type
		None               void
 Registers used:
		wreg, status,2, status,0, cstack
 Tracked objects:
		On entry : 
		On exit  : 
		Unchanged: 
 Data sizes:     COMRAM   BANK0   BANK1   BANK2   BANK3  BANK4h   BANK5   BANK6   BANK7
      Params:         0       0       0       0       0       0       0       0       0
      Locals:         1       0       0       0       0       0       0       0       0
      Temps:          0       0       0       0       0       0       0       0       0
      Totals:         1       0       0       0       0       0       0       0       0
Total ram usage:        1 bytes
 Hardware stack levels used:    1
 Hardware stack levels required when called:    1
 This function calls:
		_HIDInitEP
		_UserInit
 This function is called by:
		_USBProtocolResetHandler
		_USBStdSetCfgHandler
 This function uses a non-reentrant model


 *************** function _UserInit *****************
 Defined at:
		line 333 in file "../src/BootPIC18NonJ.c"
 Parameters:    Size  Location     Type
		None
 Auto vars:     Size  Location     Type
		None
 Return value:  Size  Location     Type
		None               void
 Registers used:
		status,2
 Tracked objects:
		On entry : 
		On exit  : 
		Unchanged: 
 Data sizes:     COMRAM   BANK0   BANK1   BANK2   BANK3  BANK4h   BANK5   BANK6   BANK7
      Params:         0       0       0       0       0       0       0       0       0
      Locals:         0       0       0       0       0       0       0       0       0
      Temps:          1       0       0       0       0       0       0       0       0
      Totals:         1       0       0       0       0       0       0       0       0
Total ram usage:        1 bytes
 Hardware stack levels used:    1
 This function calls:
		Nothing
 This function is called by:
		_InitializeSystem
		_USBCBInitEP
 This function uses a non-reentrant model


 *************** function _HIDInitEP *****************
 Defined at:
		line 171 in file "../src/usb_device_hid.c"
 Parameters:    Size  Location     Type
		None
 Auto vars:     Size  Location     Type
		None
 Return value:  Size  Location     Type
		None               void
 Registers used:
		wreg, status,2, status,0
 Tracked objects:
		On entry : 
		On exit  : 
		Unchanged: 
 Data sizes:     COMRAM   BANK0   BANK1   BANK2   BANK3  BANK4h   BANK5   BANK6   BANK7
      Params:         0       0       0       0       0       0       0       0       0
      Locals:         0       0       0       0       0       0       0       0       0
      Temps:          1       0       0       0       0       0       0       0       0
      Totals:         1       0       0       0       0       0       0       0       0
Total ram usage:        1 bytes
 Hardware stack levels used:    1
 This function calls:
		Nothing
 This function is called by:
		_USBCBInitEP
 This function uses a non-reentrant model


 *************** function _LoadBDTandSetUOWN *****************
 Defined at:
		line 1584 in file "../src/usb_device.c"
 Parameters:    Size  Location     Type
  BDTIndexToLo    1    wreg     unsigned char 
 Auto vars:     Size  Location     Type
  BDTIndexToLo    1    1[COMRAM] unsigned char 
 Return value:  Size  Location     Type
		None               void
 Registers used:
		wreg, fsr2l, fsr2h, status,2, status,0
 Tracked objects:
		On entry : 
		On exit  : 
		Unchanged: 
 Data sizes:     COMRAM   BANK0   BANK1   BANK2   BANK3  BANK4h   BANK5   BANK6   BANK7
      Params:         0       0       0       0       0       0       0       0       0
      Locals:         1       0       0       0       0       0       0       0       0
      Temps:          1       0       0       0       0       0       0       0       0
      Totals:         2       0       0       0       0       0       0       0       0
Total ram usage:        2 bytes
 Hardware stack levels used:    1
 This function calls:
		Nothing
 This function is called by:
		_USBProtocolResetHandler
		_USBCtrlEPServiceComplete
 This function uses a non-reentrant model


 *************** function _USBDisableWithLongDelay *****************
 Defined at:
		line 1616 in file "../src/usb_device.c"
 Parameters:    Size  Location     Type
		None
 Auto vars:     Size  Location     Type
		None
 Return value:  Size  Location     Type
		None               void
 Registers used:
		wreg, status,2, status,0, cstack
 Tracked objects:
		On entry : 
		On exit  : 
		Unchanged: 
 Data sizes:     COMRAM   BANK0   BANK1   BANK2   BANK3  BANK4h   BANK5   BANK6   BANK7
      Params:         0       0       0       0       0       0       0       0       0
      Locals:         0       0       0       0       0       0       0       0       0
      Temps:          1       0       0       0       0       0       0       0       0
      Totals:         1       0       0       0       0       0       0       0       0
Total ram usage:        1 bytes
 Hardware stack levels used:    1
 Hardware stack levels required when called:    2
 This function calls:
		_DelayRoutine
 This function is called by:
		_ResetDeviceCleanly
		_USBDeviceInit
		_USBSoftAttach
 This function uses a non-reentrant model


 *************** function _DelayRoutine *****************
 Defined at:
		line 1626 in file "../src/usb_device.c"
 Parameters:    Size  Location     Type
  DelayAmount     2    0[COMRAM] unsigned int 
 Auto vars:     Size  Location     Type
		None
 Return value:  Size  Location     Type
		None               void
 Registers used:
		wreg, status,2, status,0, cstack
 Tracked objects:
		On entry : 
		On exit  : 
		Unchanged: 
 Data sizes:     COMRAM   BANK0   BANK1   BANK2   BANK3  BANK4h   BANK5   BANK6   BANK7
      Params:         2       0       0       0       0       0       0       0       0
      Locals:         0       0       0       0       0       0       0       0       0
      Temps:          0       0       0       0       0       0       0       0       0
      Totals:         2       0       0       0       0       0       0       0       0
Total ram usage:        2 bytes
 Hardware stack levels used:    1
 Hardware stack levels required when called:    1
 This function calls:
		_ClearWatchdog
 This function is called by:
		_USBCBWakeFromSuspend
		_USBDisableWithLongDelay
 This function uses a non-reentrant model


 *************** function _ClearWatchdog *****************
 Defined at:
		line 1643 in file "../src/usb_device.c"
 Parameters:    Size  Location     Type
		None
 Auto vars:     Size  Location     Type
		None
 Return value:  Size  Location     Type
		None               void
 Registers used:
		None
 Tracked objects:
		On entry : 
		On exit  : 
		Unchanged: 
 Data sizes:     COMRAM   BANK0   BANK1   BANK2   BANK3  BANK4h   BANK5   BANK6   BANK7
      Params:         0       0       0       0       0       0       0       0       0
      Locals:         0       0       0       0       0       0       0       0       0
      Temps:          0       0       0       0       0       0       0       0       0
      Totals:         0       0       0       0       0       0       0       0       0
Total ram usage:        0 bytes
 Hardware stack levels used:    1
 This function calls:
		Nothing
 This function is called by:
		_ProcessIO
		_SignFlash
		_USBProtocolResetHandler
		_DelayRoutine
 This function uses a non-reentrant model


 *************** function _BlinkUSBStatus *****************
 Defined at:
		line 681 in file "../src/main.c"
 Parameters:    Size  Location     Type
		None
 Auto vars:     Size  Location     Type
		None
 Return value:  Size  Location     Type
		None               void
 Registers used:
		wreg, status,2, status,0
 Tracked objects:
		On entry : 
		On exit  : 
		Unchanged: 
 Data sizes:     COMRAM   BANK0   BANK1   BANK2   BANK3  BANK4h   BANK5   BANK6   BANK7
      Params:         0       0       0       0       0       0       0       0       0
      Locals:         0       0       0       0       0       0       0       0       0
      Temps:          1       0       0       0       0       0       0       0       0
      Totals:         1       0       0       0       0       0       0       0       0
Total ram usage:        1 bytes
 Hardware stack levels used:    1
 This function calls:
		Nothing
 This function is called by:
		_BootMain
 This function uses a non-reentrant model



MODULE INFORMATION

Module		Function		Class		Link	Load	Size
shared
		_sd001         		SMALLCONST     	0807	0000	52
		_sd002         		SMALLCONST     	0864	0000	38
		_FlashSignature		CODE           	2006	0000	2
		__initializatio		CODE           	1C1A	0000	36
		_device_dsc    		SMALLCONST     	08A7	0000	18
		_USB_SD_Ptr    		SMALLCONST     	0801	0000	6
		_hid_rpt01     		SMALLCONST     	088A	0000	29
		_CFG01         		SMALLCONST     	083B	0000	41
		_sd000         		SMALLCONST     	08B9	0000	4

shared estimated size: 226

../src/usb_device_hid.c
		_HIDGetReportHa		CODE           	1D8C	0000	2
		_HIDInitEP     		CODE           	1B3C	0000	84
		_HIDSetReportHa		CODE           	1D8A	0000	2
		_HIDRxReport   		CODE           	1732	0000	156
		_HIDTxReport   		CODE           	17CE	0000	138
		_USBCheckHIDReq		CODE           	10A2	0000	248

../src/usb_device_hid.c estimated size: 630

../src/usb_device.c
		_USBDisableWith		CODE           	1CE0	0000	28
		_USBCtrlTrfInHa		CODE           	1B90	0000	80
		_USBProtocolRes		CODE           	18D4	0000	120
		_ClearWatchdog 		CODE           	0004	0000	4
		_USBStdGetDscHa		CODE           	168A	0000	168
		_USBStdFeatureR		CODE           	1504	0000	196
		_LoadBDTandSetU		CODE           	1AE0	0000	92
		_USBCtrlTrfSetu		CODE           	1A1E	0000	100
		_DelayRoutine  		CODE           	1CFC	0000	22
		_USBCtrlEPServi		CODE           	1288	0000	234
		_USBSuspend    		CODE           	1CC4	0000	28
		_USBStdSetCfgHa		CODE           	19B6	0000	104
		_USBStdGetStatu		CODE           	1440	0000	196
		_USBWakeFromSus		CODE           	1D3A	0000	18
		_USBCheckBusSta		CODE           	1D76	0000	14
		_USBCtrlTrfTxSe		CODE           	15C8	0000	194
		_USBDeviceInit 		CODE           	1D12	0000	20
		_USBSoftAttach 		CODE           	1C76	0000	44
		_USBDeviceTasks		CODE           	119A	0000	238
		_USBCheckStdReq		CODE           	1372	0000	206

../src/usb_device.c estimated size: 2106

../src/BootPIC18NonJ.c
		_SignFlash     		CODE           	0E84	0000	278
		_UserInit      		CODE           	1CA2	0000	34
		_WriteFlashBloc		CODE           	0F9A	0000	264
		_WriteConfigBit		CODE           	1858	0000	124
		_UnlockAndActiv		CODE           	1C48	0000	46
		_ResetDeviceCle		CODE           	000C	0000	12
		_WriteEEPROM   		CODE           	194C	0000	106
		_ProcessIO     		CODE           	08BE	0000	1478

../src/BootPIC18NonJ.c estimated size: 2342

../src/main.c
		_BlinkUSBStatus		CODE           	1BE0	0000	58
		_USBCBWakeFromS		CODE           	1D4C	0000	14
		_main          		CODE           	1A82	0000	94
		_LowVoltageChec		CODE           	1D8E	0000	2
		_USBCBInitEP   		CODE           	1D26	0000	20
		_InitializeSyst		CODE           	1D68	0000	14
		_BootMain      		CODE           	0030	0000	32
		_USBCBSuspend  		CODE           	1D5A	0000	14
		_USBCBCheckOthe		CODE           	1D84	0000	6

../src/main.c estimated size: 254

